../Core/Src/main.c:71:5:checkNum	16	static
../Core/Src/main.c:101:6:HAL_TIM_PeriodElapsedCallback	32	static
../Core/Src/main.c:145:5:main	8	static
../Core/Src/main.c:221:6:SystemClock_Config	72	static
../Core/Src/main.c:260:13:MX_TIM2_Init	48	static
../Core/Src/main.c:309:13:MX_TIM3_Init	48	static
../Core/Src/main.c:358:13:MX_TIM4_Init	48	static
../Core/Src/main.c:407:13:MX_USART2_UART_Init	8	static
../Core/Src/main.c:440:13:MX_GPIO_Init	40	static
../Core/Src/main.c:484:6:Error_Handler	4	static,ignoring_inline_asm
